// Jest Snapshot v1, https://goo.gl/fbAQLP

exports[`Table  match snapshot 1`] = `""`;
