// Jest Snapshot v1, https://goo.gl/fbAQLP

exports[`Description  match snapshot 1`] = `""`;
